Godot Engine v4.6.3.stable.official.7d41c59c4 - https://godotengine.org
TextServer: Added interface "Dummy"
TextServer: Added interface "ICU / HarfBuzz / Graphite (Built-in)"
Unrecognized output string "misc2" in mapping:
030000007e0500006920000001010000,Nintendo Switch 2 Pro Controller,a:b0,b:b1,back:b14,dpdown:b8,dpleft:b10,dpright:b9,dpup:b11,guide:b16,leftshoulder:b12,leftstick:b15,lefttrigger:b13,leftx:a0,lefty:a1~,misc1:b17,misc2:b20,paddle1:b18,paddle2:b19,rightshoulder:b4,rightstick:b7,righttrigger:b5,rightx:a2,righty:a3~,start:b6,x:b2,y:b3,platform:Mac OS X,
SDL: Init OK!
Accessibility: window 0 adapter created.
Devices:
  #0: Apple Apple M2 (Apple8) - Supported, Integrated
- Metal multiview supported:
  max view count: 16
  max instances: 4294967295
Metal 4.0 - Forward Mobile - Using Device #0: Apple - Apple M2 (Apple8)
Requested V-Sync mode: Enabled - FPS will likely be capped to the monitor refresh rate.
Using "default" pen tablet driver...
Shader 'CanvasSdfShaderRD' (group 0) SHA256: f5163131ffbf6578b3e403ae4a2e93b16c3b4d4f74b7d313965240c9159ca4a3
Loading cache for shader CanvasSdfShaderRD, variant 0
Loading cache for shader CanvasSdfShaderRD, variant 1
Loading cache for shader CanvasSdfShaderRD, variant 2
Loading cache for shader CanvasSdfShaderRD, variant 3
Loading cache for shader CanvasSdfShaderRD, variant 4
Loading cache for shader CanvasSdfShaderRD, variant 5
Shader 'SkeletonShaderRD' (group 0) SHA256: 54e50a68f8252031f493dd1ea6200e9ef718d5bd8693e28030efe1b120eb7905
Loading cache for shader SkeletonShaderRD, variant 0
Loading cache for shader SkeletonShaderRD, variant 1
Shader 'SortShaderRD' (group 0) SHA256: 967234006fae085a9579b3ffd489cee602c4f145dc18ff2bf240e4d8c13498cd
Loading cache for shader SortShaderRD, variant 0
Loading cache for shader SortShaderRD, variant 1
Loading cache for shader SortShaderRD, variant 2
Shader 'ParticlesShaderRD' (group 0) SHA256: 527b8e067ac0ad8d5ca4af3230efbc7edb63fc49fd10c48dd765f7d4134c2606
Loading cache for shader ParticlesShaderRD, variant 0
Shader 'ParticlesCopyShaderRD' (group 0) SHA256: bcec80ba01e935ed0dc85d792ce6064d3b9920ff6f4ad7f021c39739c998092c
Loading cache for shader ParticlesCopyShaderRD, variant 0
Loading cache for shader ParticlesCopyShaderRD, variant 1
Loading cache for shader ParticlesCopyShaderRD, variant 2
Loading cache for shader ParticlesCopyShaderRD, variant 3
Loading cache for shader ParticlesCopyShaderRD, variant 4
Loading cache for shader ParticlesCopyShaderRD, variant 5
Loading cache for shader ParticlesCopyShaderRD, variant 6
Loading cache for shader ParticlesCopyShaderRD, variant 7
Loading cache for shader ParticlesCopyShaderRD, variant 8
Loading cache for shader ParticlesCopyShaderRD, variant 9
Loading cache for shader ParticlesCopyShaderRD, variant 10
Loading cache for shader ParticlesCopyShaderRD, variant 11
Loading cache for shader ParticlesCopyShaderRD, variant 12
Loading cache for shader ParticlesCopyShaderRD, variant 13
Loading cache for shader ParticlesCopyShaderRD, variant 14
Loading cache for shader ParticlesCopyShaderRD, variant 15
Loading cache for shader ParticlesCopyShaderRD, variant 16
Loading cache for shader ParticlesCopyShaderRD, variant 17
Loading cache for shader ParticlesCopyShaderRD, variant 18
Loading cache for shader ParticlesCopyShaderRD, variant 19
Loading cache for shader ParticlesCopyShaderRD, variant 20
Shader 'CanvasShaderRD' (group 0) SHA256: f30a5b440b1341c6eaa19af108108f7adb605232e31fd6aeac74e4825e07ec28
Loading cache for shader CanvasShaderRD, variant 0
Loading cache for shader CanvasShaderRD, variant 1
Loading cache for shader CanvasShaderRD, variant 2
Loading cache for shader CanvasShaderRD, variant 3
Loading cache for shader CanvasShaderRD, variant 4
Loading cache for shader CanvasShaderRD, variant 5
Shader 'CanvasOcclusionShaderRD' (group 0) SHA256: e397c50e1a9e03519ccb486acfdaddf8be9986511a5738dd0fa77e62980f0ad0
Loading cache for shader CanvasOcclusionShaderRD, variant 0
Loading cache for shader CanvasOcclusionShaderRD, variant 1
Loading cache for shader CanvasOcclusionShaderRD, variant 2
Loading cache for shader CanvasShaderRD, variant 0
Loading cache for shader CanvasShaderRD, variant 1
Loading cache for shader CanvasShaderRD, variant 2
Loading cache for shader CanvasShaderRD, variant 3
Loading cache for shader CanvasShaderRD, variant 4
Loading cache for shader CanvasShaderRD, variant 5
Loading cache for shader CanvasShaderRD, variant 0
Loading cache for shader CanvasShaderRD, variant 1
Loading cache for shader CanvasShaderRD, variant 2
Loading cache for shader CanvasShaderRD, variant 3
Loading cache for shader CanvasShaderRD, variant 4
Loading cache for shader CanvasShaderRD, variant 5
Shader 'SceneForwardMobileShaderRD' (group 0) SHA256: be371d61f407c819b28d5874dae04e9c42971c9d7e6e026fba30c48b9ec10a23
Shader 'SceneForwardMobileShaderRD' (group 1) SHA256: 888634f57301d05259cc109285d07794d6cf1f3aa5805f3cf0ed9cc258dd1898
Shader 'SceneForwardMobileShaderRD' (group 2) SHA256: 7c12ded287ade2dc4911d570d9d9db7efca1a7d17570dfb60e57110d573dee4f
Shader 'SceneForwardMobileShaderRD' (group 3) SHA256: 3ac293de0b2bbfce1f178a0e3d67a21aac4ea6258d1fd5c42f0d5002664e8ea1
Loading cache for shader SceneForwardMobileShaderRD, variant 0
Loading cache for shader SceneForwardMobileShaderRD, variant 1
Loading cache for shader SceneForwardMobileShaderRD, variant 2
Loading cache for shader SceneForwardMobileShaderRD, variant 3
Loading cache for shader SceneForwardMobileShaderRD, variant 4
Loading cache for shader SceneForwardMobileShaderRD, variant 5
Loading cache for shader SceneForwardMobileShaderRD, variant 6
Loading cache for shader SceneForwardMobileShaderRD, variant 7
Loading cache for shader SceneForwardMobileShaderRD, variant 8
Loading cache for shader SceneForwardMobileShaderRD, variant 9
Loading cache for shader SceneForwardMobileShaderRD, variant 0
Loading cache for shader SceneForwardMobileShaderRD, variant 1
Loading cache for shader SceneForwardMobileShaderRD, variant 2
Loading cache for shader SceneForwardMobileShaderRD, variant 3
Loading cache for shader SceneForwardMobileShaderRD, variant 4
Loading cache for shader SceneForwardMobileShaderRD, variant 5
Loading cache for shader SceneForwardMobileShaderRD, variant 6
Loading cache for shader SceneForwardMobileShaderRD, variant 7
Loading cache for shader SceneForwardMobileShaderRD, variant 8
Loading cache for shader SceneForwardMobileShaderRD, variant 9
Loading cache for shader SceneForwardMobileShaderRD, variant 0
Loading cache for shader SceneForwardMobileShaderRD, variant 1
Loading cache for shader SceneForwardMobileShaderRD, variant 2
Loading cache for shader SceneForwardMobileShaderRD, variant 3
Loading cache for shader SceneForwardMobileShaderRD, variant 4
Loading cache for shader SceneForwardMobileShaderRD, variant 5
Loading cache for shader SceneForwardMobileShaderRD, variant 6
Loading cache for shader SceneForwardMobileShaderRD, variant 7
Loading cache for shader SceneForwardMobileShaderRD, variant 8
Loading cache for shader SceneForwardMobileShaderRD, variant 9
Shader 'SkyShaderRD' (group 0) SHA256: 21f924306eb18caac3ace30e495c78ba40ae7b2f490d5e4f3b13a79479216b9c
Loading cache for shader SkyShaderRD, variant 0
Loading cache for shader SkyShaderRD, variant 1
Loading cache for shader SkyShaderRD, variant 2
Loading cache for shader SkyShaderRD, variant 3
Loading cache for shader SkyShaderRD, variant 4
Loading cache for shader SkyShaderRD, variant 5
Loading cache for shader SkyShaderRD, variant 0
Loading cache for shader SkyShaderRD, variant 1
Loading cache for shader SkyShaderRD, variant 2
Loading cache for shader SkyShaderRD, variant 3
Loading cache for shader SkyShaderRD, variant 4
Loading cache for shader SkyShaderRD, variant 5
Shader 'BokehDofRasterShaderRD' (group 0) SHA256: fb063312bd3fa2b278a25d3696f9ded1df8b636f5afecd967151358d257b2b03
Loading cache for shader BokehDofRasterShaderRD, variant 0
Loading cache for shader BokehDofRasterShaderRD, variant 1
Loading cache for shader BokehDofRasterShaderRD, variant 2
Loading cache for shader BokehDofRasterShaderRD, variant 3
Loading cache for shader BokehDofRasterShaderRD, variant 4
Loading cache for shader BokehDofRasterShaderRD, variant 5
Loading cache for shader BokehDofRasterShaderRD, variant 6
Shader 'BlurRasterShaderRD' (group 0) SHA256: c5a05590290b9ec5f20bb67bef5879fa61aab890fdd419af2038ad50b791f21e
Loading cache for shader BlurRasterShaderRD, variant 0
Loading cache for shader BlurRasterShaderRD, variant 1
Loading cache for shader BlurRasterShaderRD, variant 2
Loading cache for shader BlurRasterShaderRD, variant 3
Loading cache for shader BlurRasterShaderRD, variant 4
Loading cache for shader BlurRasterShaderRD, variant 5
Loading cache for shader BlurRasterShaderRD, variant 6
Shader 'CopyShaderRD' (group 0) SHA256: bef3ebc581956c1e4cad1b19a4c57b168d4fd3a373a0481f33e26003ca1fa6c6
Loading cache for shader CopyShaderRD, variant 0
Loading cache for shader CopyShaderRD, variant 1
Loading cache for shader CopyShaderRD, variant 2
Loading cache for shader CopyShaderRD, variant 3
Loading cache for shader CopyShaderRD, variant 4
Loading cache for shader CopyShaderRD, variant 5
Loading cache for shader CopyShaderRD, variant 6
Loading cache for shader CopyShaderRD, variant 7
Loading cache for shader CopyShaderRD, variant 8
Loading cache for shader CopyShaderRD, variant 9
Loading cache for shader CopyShaderRD, variant 10
Loading cache for shader CopyShaderRD, variant 11
Loading cache for shader CopyShaderRD, variant 12
Shader 'CopyToFbShaderRD' (group 0) SHA256: d2ff28d6e27943750d2e72da5da60d486f9b37ab66241467d62296b893eb4cd0
Loading cache for shader CopyToFbShaderRD, variant 0
Loading cache for shader CopyToFbShaderRD, variant 1
Loading cache for shader CopyToFbShaderRD, variant 2
Loading cache for shader CopyToFbShaderRD, variant 3
Shader 'CubeToDpShaderRD' (group 0) SHA256: a1c0c9b7619044d7ba83959f645735ee8e1d34ad23904a6ac0af8e55d7ba00db
Loading cache for shader CubeToDpShaderRD, variant 0
Shader 'CubeToOctmapShaderRD' (group 0) SHA256: c8b61d04732bfd2b54191babf0cd12bfae13c795c34c47b484abdf9f06f00205
Loading cache for shader CubeToOctmapShaderRD, variant 0
Shader 'OctmapDownsamplerShaderRD' (group 0) SHA256: ffe6788f20aa023afaf7e888e2cf33c840f3084c8fbb309ed784918a44ebcf23
Loading cache for shader OctmapDownsamplerShaderRD, variant 0
Loading cache for shader OctmapDownsamplerShaderRD, variant 1
Shader 'OctmapFilterShaderRD' (group 0) SHA256: 5fc5fea9e3fe54191ff165540faa285b099e7909be69e7349c971f7ab0a609cc
Loading cache for shader OctmapFilterShaderRD, variant 0
Loading cache for shader OctmapFilterShaderRD, variant 1
Loading cache for shader OctmapFilterShaderRD, variant 2
Loading cache for shader OctmapFilterShaderRD, variant 3
Loading cache for shader OctmapFilterShaderRD, variant 4
Loading cache for shader OctmapFilterShaderRD, variant 5
Loading cache for shader OctmapFilterShaderRD, variant 6
Loading cache for shader OctmapFilterShaderRD, variant 7
Shader 'OctmapRoughnessShaderRD' (group 0) SHA256: 15e894f5c1a4917d83d34012ecf1ede2bee251fefc7b887b728834d4d817ad55
Loading cache for shader OctmapRoughnessShaderRD, variant 0
Loading cache for shader OctmapRoughnessShaderRD, variant 1
Shader 'SpecularMergeShaderRD' (group 0) SHA256: d91816cf1f28c63908a9133ffc50683b675ef9859b0616c7436f475405b22c27
Loading cache for shader SpecularMergeShaderRD, variant 0
Loading cache for shader SpecularMergeShaderRD, variant 1
Loading cache for shader SpecularMergeShaderRD, variant 2
Loading cache for shader SpecularMergeShaderRD, variant 3
Shader 'ShadowFrustumShaderRD' (group 0) SHA256: b56bc1e62633ec9304336b7e957397468d55950f317fcf5a6473439810432caa
Loading cache for shader ShadowFrustumShaderRD, variant 0
Shader 'MotionVectorsShaderRD' (group 0) SHA256: 00e39c95d2d9272edadd9be2db6dbe65b3460f21d2341c92a77371c843cf4d00
Loading cache for shader MotionVectorsShaderRD, variant 0
Shader 'LuminanceReduceRasterShaderRD' (group 0) SHA256: 29079e9bb1a1a83216f9116b1c2254cefe0b3db9fe88452f72558ec29f4ba60c
Loading cache for shader LuminanceReduceRasterShaderRD, variant 0
Loading cache for shader LuminanceReduceRasterShaderRD, variant 1
Loading cache for shader LuminanceReduceRasterShaderRD, variant 2
Shader 'SmaaEdgeDetectionShaderRD' (group 0) SHA256: d5021a9d8471f798a9fea1996ea85751035ea859c7fdd21721cc24e149d1e4fe
Loading cache for shader SmaaEdgeDetectionShaderRD, variant 0
Shader 'SmaaWeightCalculationShaderRD' (group 0) SHA256: 96902d6fbf74206adb55a50fd070fc6de4aaf8dc634f04f92751ac8b307948c7
Loading cache for shader SmaaWeightCalculationShaderRD, variant 0
Shader 'SmaaBlendingShaderRD' (group 0) SHA256: 3d0a167a9f66fe724550ee422e5f78e94ee25cd28f8d2dd9770c61d98fee5f61
Loading cache for shader SmaaBlendingShaderRD, variant 0
Shader 'TonemapMobileShaderRD' (group 0) SHA256: 4a5f7c9d25fe7b79dd894efaaf7c56f1ae3a0298ab820586c5bad5bf7afeb298
Loading cache for shader TonemapMobileShaderRD, variant 0
Loading cache for shader TonemapMobileShaderRD, variant 1
Loading cache for shader TonemapMobileShaderRD, variant 2
Loading cache for shader TonemapMobileShaderRD, variant 3
Shader 'ResolveRasterShaderRD' (group 0) SHA256: 90a6eb69c9e6cae61ec2c9510faf4a924b4127234c1f3817d7280a4d8a6d0214
Loading cache for shader ResolveRasterShaderRD, variant 0
Shader 'BlitShaderRD' (group 0) SHA256: cff12a2b56a5c7d70f6de186c786c80ec84b1844045fdaf13152862c6a82baf6
Loading cache for shader BlitShaderRD, variant 0
Loading cache for shader BlitShaderRD, variant 1
Loading cache for shader BlitShaderRD, variant 2
Loading cache for shader BlitShaderRD, variant 3
CoreAudio: detected 2 channels
CoreAudio: output sampling rate: 48000 Hz
CoreAudio: output audio buffer frames: 512 calculated latency: 10ms

TextServer: Primary interface set to: "ICU / HarfBuzz / Graphite (Built-in)".
CORE API HASH: 0
EDITOR API HASH: 0
SceneTreeFTI: traversal method DEFAULT
Loaded system CA certificates
Loading resource: res://.godot/exported/133200997/export-3070c538c03ee49b7677ff960a3f5195-main.scn
Loading resource: res://main.gdc
Loading resource: res://content/meadow/meadow_world.gdc
Loading cache for shader SkyShaderRD, variant 0
Loading cache for shader SkyShaderRD, variant 1
Loading cache for shader SkyShaderRD, variant 2
Loading cache for shader SkyShaderRD, variant 3
Loading cache for shader SkyShaderRD, variant 4
Loading cache for shader SkyShaderRD, variant 5
Loading resource: res://content/meadow/ground.gdshader
Loading cache for shader SceneForwardMobileShaderRD, variant 0
Loading cache for shader SceneForwardMobileShaderRD, variant 1
Loading cache for shader SceneForwardMobileShaderRD, variant 2
Loading cache for shader SceneForwardMobileShaderRD, variant 3
Loading cache for shader SceneForwardMobileShaderRD, variant 4
Loading cache for shader SceneForwardMobileShaderRD, variant 5
Loading cache for shader SceneForwardMobileShaderRD, variant 6
Loading cache for shader SceneForwardMobileShaderRD, variant 7
Loading cache for shader SceneForwardMobileShaderRD, variant 8
Loading cache for shader SceneForwardMobileShaderRD, variant 9
Loading cache for shader SceneForwardMobileShaderRD, variant 0
Loading cache for shader SceneForwardMobileShaderRD, variant 1
Loading cache for shader SceneForwardMobileShaderRD, variant 2
Loading cache for shader SceneForwardMobileShaderRD, variant 3
Loading cache for shader SceneForwardMobileShaderRD, variant 4
Loading cache for shader SceneForwardMobileShaderRD, variant 5
Loading cache for shader SceneForwardMobileShaderRD, variant 6
Loading cache for shader SceneForwardMobileShaderRD, variant 7
Loading cache for shader SceneForwardMobileShaderRD, variant 8
Loading cache for shader SceneForwardMobileShaderRD, variant 9
Loading resource: res://content/audio/grass_footstep.wav
Loading resource: res://.godot/imported/grass_footstep.wav-9638023587ad40d65185c95c06f6688d.sample
Loading resource: res://addons/meadow_renderer/grass_field.gdc
Loading resource: res://content/meadow/grass.gdshader
Loading cache for shader SceneForwardMobileShaderRD, variant 0
Loading cache for shader SceneForwardMobileShaderRD, variant 1
Loading cache for shader SceneForwardMobileShaderRD, variant 2
Loading cache for shader SceneForwardMobileShaderRD, variant 3
Loading cache for shader SceneForwardMobileShaderRD, variant 4
Loading cache for shader SceneForwardMobileShaderRD, variant 5
Loading cache for shader SceneForwardMobileShaderRD, variant 6
Loading cache for shader SceneForwardMobileShaderRD, variant 7
Loading cache for shader SceneForwardMobileShaderRD, variant 8
Loading cache for shader SceneForwardMobileShaderRD, variant 9
Loading resource: res://content/audio/meadow_ambience.wav
Loading resource: res://.godot/imported/meadow_ambience.wav-556520204c1afaa44e6f997a8096a06c.sample
Loading resource: res://ui/overlay.gdc
Loading resource: res://content/fonts/NotoSansSC[wght].ttf
Loading resource: res://.godot/imported/NotoSansSC[wght].ttf-611bb670d991c3b008136853017f68ef.fontdata
Loading cache for shader SceneForwardMobileShaderRD, variant 0
Loading cache for shader SceneForwardMobileShaderRD, variant 1
Loading cache for shader SceneForwardMobileShaderRD, variant 2
Loading cache for shader SceneForwardMobileShaderRD, variant 3
Loading cache for shader SceneForwardMobileShaderRD, variant 4
Loading cache for shader SceneForwardMobileShaderRD, variant 5
Loading cache for shader SceneForwardMobileShaderRD, variant 6
Loading cache for shader SceneForwardMobileShaderRD, variant 7
Loading cache for shader SceneForwardMobileShaderRD, variant 8
Loading cache for shader SceneForwardMobileShaderRD, variant 9
MultiUmaBuffer '{DEBUG_ENABLED unavailable}' used a total of 0 buffers. A large number may indicate a waste of VRAM and can be brought down by tweaking MAX_EXTRA_BUFFERS for this buffer.
MultiUmaBuffer '{DEBUG_ENABLED unavailable}' used a total of 0 buffers. A large number may indicate a waste of VRAM and can be brought down by tweaking MAX_EXTRA_BUFFERS for this buffer.
MultiUmaBuffer '{DEBUG_ENABLED unavailable}' used a total of 0 buffers. A large number may indicate a waste of VRAM and can be brought down by tweaking MAX_EXTRA_BUFFERS for this buffer.
Project FPS: 60 (16.66 mspf)
Project FPS: 60 (16.66 mspf)
Project FPS: 60 (16.66 mspf)
Project FPS: 60 (16.66 mspf)
Project FPS: 60 (16.66 mspf)
Project FPS: 60 (16.66 mspf)
Project FPS: 13 (76.92 mspf)
Project FPS: 114 (8.77 mspf)
Project FPS: 145 (6.89 mspf)
Project FPS: 145 (6.89 mspf)
Project FPS: 145 (6.89 mspf)
Project FPS: 145 (6.89 mspf)
Project FPS: 145 (6.89 mspf)
Project FPS: 145 (6.89 mspf)
Project FPS: 145 (6.89 mspf)
Accessibility: window 0 adapter activated.
Accessibility: window 0 adapter initial update completed.
Project FPS: 145 (6.89 mspf)
Project FPS: 145 (6.89 mspf)
Project FPS: 144 (6.94 mspf)
Project FPS: 145 (6.89 mspf)
Project FPS: 145 (6.89 mspf)
Project FPS: 145 (6.89 mspf)
Project FPS: 126 (7.93 mspf)
Project FPS: 59 (16.94 mspf)
Project FPS: 60 (16.66 mspf)
Project FPS: 60 (16.66 mspf)
Project FPS: 60 (16.66 mspf)
Project FPS: 60 (16.66 mspf)
Project FPS: 60 (16.66 mspf)
Project FPS: 60 (16.66 mspf)
Project FPS: 59 (16.94 mspf)
Project FPS: 60 (16.66 mspf)
Project FPS: 60 (16.66 mspf)
Project FPS: 56 (17.85 mspf)
Project FPS: 58 (17.24 mspf)
Project FPS: 60 (16.66 mspf)
Project FPS: 60 (16.66 mspf)
Project FPS: 60 (16.66 mspf)
Project FPS: 60 (16.66 mspf)
Project FPS: 60 (16.66 mspf)
Project FPS: 60 (16.66 mspf)
Project FPS: 58 (17.24 mspf)
Project FPS: 59 (16.94 mspf)
Project FPS: 59 (16.94 mspf)
Project FPS: 57 (17.54 mspf)
Project FPS: 54 (18.51 mspf)
Project FPS: 52 (19.23 mspf)
Project FPS: 57 (17.54 mspf)
Project FPS: 53 (18.86 mspf)
Project FPS: 53 (18.86 mspf)
Project FPS: 54 (18.51 mspf)
Project FPS: 54 (18.51 mspf)
Project FPS: 55 (18.18 mspf)
Project FPS: 53 (18.86 mspf)
Project FPS: 53 (18.86 mspf)
Project FPS: 53 (18.86 mspf)
Project FPS: 53 (18.86 mspf)
Project FPS: 51 (19.60 mspf)
Project FPS: 48 (20.83 mspf)
Project FPS: 49 (20.40 mspf)
Project FPS: 48 (20.83 mspf)
Project FPS: 51 (19.60 mspf)
Project FPS: 49 (20.40 mspf)
Project FPS: 49 (20.40 mspf)
Project FPS: 54 (18.51 mspf)
Project FPS: 51 (19.60 mspf)
Project FPS: 51 (19.60 mspf)
Project FPS: 48 (20.83 mspf)
Project FPS: 36 (27.77 mspf)
Project FPS: 32 (31.25 mspf)
Project FPS: 30 (33.33 mspf)
Project FPS: 28 (35.71 mspf)
Project FPS: 32 (31.25 mspf)
Project FPS: 36 (27.77 mspf)
Project FPS: 34 (29.41 mspf)
Project FPS: 33 (30.30 mspf)
Project FPS: 30 (33.33 mspf)
Project FPS: 29 (34.48 mspf)
Project FPS: 29 (34.48 mspf)
Project FPS: 29 (34.48 mspf)
Project FPS: 29 (34.48 mspf)
Project FPS: 28 (35.71 mspf)
Project FPS: 29 (34.48 mspf)
Project FPS: 29 (34.48 mspf)
Project FPS: 30 (33.33 mspf)
Project FPS: 30 (33.33 mspf)
Project FPS: 29 (34.48 mspf)
Project FPS: 30 (33.33 mspf)
Project FPS: 31 (32.25 mspf)
Project FPS: 31 (32.25 mspf)
Project FPS: 31 (32.25 mspf)
Project FPS: 29 (34.48 mspf)
Project FPS: 29 (34.48 mspf)
Project FPS: 29 (34.48 mspf)
Project FPS: 30 (33.33 mspf)
Project FPS: 29 (34.48 mspf)
Project FPS: 30 (33.33 mspf)
Project FPS: 24 (41.66 mspf)
Project FPS: 65 (15.38 mspf)
Project FPS: 56 (17.85 mspf)
Project FPS: 61 (16.39 mspf)
Project FPS: 59 (16.94 mspf)
Project FPS: 60 (16.66 mspf)
Project FPS: 48 (20.83 mspf)
Project FPS: 56 (17.85 mspf)
Project FPS: 54 (18.51 mspf)
Project FPS: 54 (18.51 mspf)
Project FPS: 53 (18.86 mspf)
Project FPS: 54 (18.51 mspf)
Project FPS: 54 (18.51 mspf)
Project FPS: 54 (18.51 mspf)
Project FPS: 55 (18.18 mspf)
Project FPS: 54 (18.51 mspf)
Project FPS: 53 (18.86 mspf)
Project FPS: 51 (19.60 mspf)
Project FPS: 51 (19.60 mspf)
Project FPS: 51 (19.60 mspf)
Project FPS: 51 (19.60 mspf)
Project FPS: 50 (20.00 mspf)
Project FPS: 50 (20.00 mspf)
Project FPS: 49 (20.40 mspf)
Project FPS: 50 (20.00 mspf)
Project FPS: 50 (20.00 mspf)
Project FPS: 57 (17.54 mspf)
Project FPS: 58 (17.24 mspf)
Project FPS: 58 (17.24 mspf)
Project FPS: 59 (16.94 mspf)
Project FPS: 59 (16.94 mspf)
Project FPS: 58 (17.24 mspf)
Project FPS: 58 (17.24 mspf)
Project FPS: 56 (17.85 mspf)
Project FPS: 57 (17.54 mspf)
Project FPS: 58 (17.24 mspf)
Project FPS: 59 (16.94 mspf)
Project FPS: 58 (17.24 mspf)
Project FPS: 58 (17.24 mspf)
Project FPS: 58 (17.24 mspf)
Project FPS: 57 (17.54 mspf)
Project FPS: 59 (16.94 mspf)
Project FPS: 56 (17.85 mspf)
Project FPS: 57 (17.54 mspf)
Project FPS: 57 (17.54 mspf)
Project FPS: 56 (17.85 mspf)
Project FPS: 56 (17.85 mspf)
Project FPS: 55 (18.18 mspf)
Project FPS: 57 (17.54 mspf)
Project FPS: 58 (17.24 mspf)
Project FPS: 58 (17.24 mspf)
Project FPS: 58 (17.24 mspf)
Project FPS: 59 (16.94 mspf)
Project FPS: 57 (17.54 mspf)
Project FPS: 55 (18.18 mspf)
Project FPS: 55 (18.18 mspf)
Project FPS: 56 (17.85 mspf)
Project FPS: 56 (17.85 mspf)
Project FPS: 57 (17.54 mspf)
Project FPS: 55 (18.18 mspf)
Project FPS: 55 (18.18 mspf)
Project FPS: 55 (18.18 mspf)
Project FPS: 54 (18.51 mspf)
Project FPS: 55 (18.18 mspf)
Project FPS: 54 (18.51 mspf)
Project FPS: 55 (18.18 mspf)
Project FPS: 55 (18.18 mspf)
Project FPS: 57 (17.54 mspf)
Project FPS: 56 (17.85 mspf)
Project FPS: 57 (17.54 mspf)
Project FPS: 56 (17.85 mspf)
Project FPS: 56 (17.85 mspf)
Project FPS: 56 (17.85 mspf)
Project FPS: 56 (17.85 mspf)
Project FPS: 57 (17.54 mspf)
Project FPS: 56 (17.85 mspf)
Project FPS: 58 (17.24 mspf)
Project FPS: 58 (17.24 mspf)
Project FPS: 57 (17.54 mspf)
Project FPS: 58 (17.24 mspf)
Project FPS: 58 (17.24 mspf)
Project FPS: 58 (17.24 mspf)
Project FPS: 58 (17.24 mspf)
Project FPS: 58 (17.24 mspf)
Project FPS: 59 (16.94 mspf)
Project FPS: 57 (17.54 mspf)
Project FPS: 56 (17.85 mspf)
Project FPS: 55 (18.18 mspf)
Project FPS: 56 (17.85 mspf)
Project FPS: 57 (17.54 mspf)
Project FPS: 54 (18.51 mspf)
Project FPS: 55 (18.18 mspf)
Project FPS: 55 (18.18 mspf)
Project FPS: 55 (18.18 mspf)
Project FPS: 57 (17.54 mspf)
Project FPS: 57 (17.54 mspf)
Project FPS: 57 (17.54 mspf)
Project FPS: 57 (17.54 mspf)
Project FPS: 56 (17.85 mspf)
Project FPS: 56 (17.85 mspf)
Project FPS: 57 (17.54 mspf)
Project FPS: 57 (17.54 mspf)
Project FPS: 59 (16.94 mspf)
Project FPS: 59 (16.94 mspf)
Project FPS: 60 (16.66 mspf)
Project FPS: 62 (16.12 mspf)
Project FPS: 60 (16.66 mspf)
Project FPS: 60 (16.66 mspf)
Project FPS: 60 (16.66 mspf)
Project FPS: 60 (16.66 mspf)
Project FPS: 59 (16.94 mspf)
Project FPS: 61 (16.39 mspf)
Project FPS: 60 (16.66 mspf)
Project FPS: 58 (17.24 mspf)
Project FPS: 62 (16.12 mspf)
Project FPS: 57 (17.54 mspf)
Project FPS: 61 (16.39 mspf)
Project FPS: 60 (16.66 mspf)
Project FPS: 60 (16.66 mspf)
Project FPS: 60 (16.66 mspf)
Project FPS: 60 (16.66 mspf)
Project FPS: 60 (16.66 mspf)
Project FPS: 60 (16.66 mspf)
Project FPS: 60 (16.66 mspf)
Project FPS: 60 (16.66 mspf)
Project FPS: 60 (16.66 mspf)
Project FPS: 60 (16.66 mspf)
Project FPS: 60 (16.66 mspf)
Project FPS: 60 (16.66 mspf)
Project FPS: 60 (16.66 mspf)
Project FPS: 60 (16.66 mspf)
Project FPS: 60 (16.66 mspf)
Project FPS: 59 (16.94 mspf)
Project FPS: 61 (16.39 mspf)
Project FPS: 58 (17.24 mspf)
Project FPS: 61 (16.39 mspf)
Project FPS: 59 (16.94 mspf)
Project FPS: 61 (16.39 mspf)
Project FPS: 59 (16.94 mspf)
Project FPS: 60 (16.66 mspf)
Project FPS: 60 (16.66 mspf)
Project FPS: 60 (16.66 mspf)
Project FPS: 60 (16.66 mspf)
Project FPS: 61 (16.39 mspf)
Project FPS: 60 (16.66 mspf)
Project FPS: 59 (16.94 mspf)
Project FPS: 60 (16.66 mspf)
Project FPS: 60 (16.66 mspf)
Project FPS: 60 (16.66 mspf)
Project FPS: 60 (16.66 mspf)
Project FPS: 60 (16.66 mspf)
Project FPS: 60 (16.66 mspf)
Project FPS: 60 (16.66 mspf)
Project FPS: 60 (16.66 mspf)
Project FPS: 60 (16.66 mspf)
Project FPS: 60 (16.66 mspf)
Project FPS: 61 (16.39 mspf)
Project FPS: 59 (16.94 mspf)
Project FPS: 60 (16.66 mspf)
Project FPS: 60 (16.66 mspf)
Project FPS: 60 (16.66 mspf)
Project FPS: 60 (16.66 mspf)
Project FPS: 56 (17.85 mspf)
Project FPS: 53 (18.86 mspf)
Project FPS: 52 (19.23 mspf)
Project FPS: 54 (18.51 mspf)
Project FPS: 58 (17.24 mspf)
Project FPS: 59 (16.94 mspf)
Project FPS: 61 (16.39 mspf)
Project FPS: 61 (16.39 mspf)
Project FPS: 60 (16.66 mspf)
Project FPS: 60 (16.66 mspf)
Project FPS: 60 (16.66 mspf)
Project FPS: 60 (16.66 mspf)
Project FPS: 60 (16.66 mspf)
Project FPS: 60 (16.66 mspf)
Project FPS: 60 (16.66 mspf)
Project FPS: 60 (16.66 mspf)
Project FPS: 60 (16.66 mspf)
Project FPS: 60 (16.66 mspf)
Project FPS: 60 (16.66 mspf)
Project FPS: 60 (16.66 mspf)
Project FPS: 60 (16.66 mspf)
Project FPS: 60 (16.66 mspf)
Project FPS: 60 (16.66 mspf)
Project FPS: 60 (16.66 mspf)
Project FPS: 60 (16.66 mspf)
Project FPS: 60 (16.66 mspf)
Project FPS: 60 (16.66 mspf)
Project FPS: 60 (16.66 mspf)
Project FPS: 60 (16.66 mspf)
Project FPS: 60 (16.66 mspf)
Project FPS: 60 (16.66 mspf)
Project FPS: 60 (16.66 mspf)
Project FPS: 60 (16.66 mspf)
Project FPS: 60 (16.66 mspf)
Project FPS: 60 (16.66 mspf)
Project FPS: 60 (16.66 mspf)
Project FPS: 60 (16.66 mspf)
Project FPS: 60 (16.66 mspf)
Project FPS: 60 (16.66 mspf)
Project FPS: 60 (16.66 mspf)
Project FPS: 60 (16.66 mspf)
Project FPS: 60 (16.66 mspf)
Project FPS: 60 (16.66 mspf)
Project FPS: 60 (16.66 mspf)
Project FPS: 60 (16.66 mspf)
Project FPS: 60 (16.66 mspf)
Project FPS: 60 (16.66 mspf)
Project FPS: 60 (16.66 mspf)
Project FPS: 57 (17.54 mspf)
Project FPS: 48 (20.83 mspf)
Project FPS: 47 (21.27 mspf)
Project FPS: 50 (20.00 mspf)
Project FPS: 56 (17.85 mspf)
Project FPS: 57 (17.54 mspf)
Project FPS: 54 (18.51 mspf)
Project FPS: 52 (19.23 mspf)
Project FPS: 60 (16.66 mspf)
Project FPS: 46 (21.73 mspf)
Project FPS: 12 (83.33 mspf)
Project FPS: 145 (6.89 mspf)
Project FPS: 145 (6.89 mspf)
Project FPS: 145 (6.89 mspf)
Project FPS: 145 (6.89 mspf)
Project FPS: 145 (6.89 mspf)
Project FPS: 145 (6.89 mspf)
Project FPS: 145 (6.89 mspf)
Project FPS: 144 (6.94 mspf)
Project FPS: 145 (6.89 mspf)
Project FPS: 145 (6.89 mspf)
Project FPS: 145 (6.89 mspf)
Project FPS: 145 (6.89 mspf)
Project FPS: 145 (6.89 mspf)
Project FPS: 145 (6.89 mspf)
Project FPS: 145 (6.89 mspf)
Project FPS: 145 (6.89 mspf)
Project FPS: 145 (6.89 mspf)
Project FPS: 145 (6.89 mspf)
Project FPS: 145 (6.89 mspf)
Project FPS: 145 (6.89 mspf)
Project FPS: 144 (6.94 mspf)
Project FPS: 146 (6.84 mspf)
Project FPS: 144 (6.94 mspf)
Project FPS: 145 (6.89 mspf)
Project FPS: 145 (6.89 mspf)
Project FPS: 145 (6.89 mspf)
Project FPS: 145 (6.89 mspf)
Project FPS: 145 (6.89 mspf)
Project FPS: 145 (6.89 mspf)
Project FPS: 145 (6.89 mspf)
Project FPS: 145 (6.89 mspf)
Project FPS: 145 (6.89 mspf)
Project FPS: 145 (6.89 mspf)
Project FPS: 145 (6.89 mspf)
Project FPS: 144 (6.94 mspf)
Project FPS: 145 (6.89 mspf)
Project FPS: 145 (6.89 mspf)
Project FPS: 145 (6.89 mspf)
Project FPS: 145 (6.89 mspf)
Project FPS: 145 (6.89 mspf)
Project FPS: 145 (6.89 mspf)
Project FPS: 145 (6.89 mspf)
Project FPS: 